// Jest Snapshot v1, https://goo.gl/fbAQLP

exports[`Set of drawing functions Individual drawing functions circle 1`] = `"data:image/png;base64,iVBORw0KGgoAAAANSUhEUgAAAAoAAAAKCAYAAACNMs+9AAAABmJLR0QA/wD/AP+gvaeTAAAADklEQVQYlWNgGAWDEwAAAZoAARbK02kAAAAASUVORK5CYII="`;

exports[`Set of drawing functions Individual drawing functions drawVector 1`] = `"data:image/png;base64,iVBORw0KGgoAAAANSUhEUgAAAGQAAABkCAYAAABw4pVUAAAABmJLR0QA/wD/AP+gvaeTAAADiUlEQVR4nO3by2tcVRwH8E+TKi2tRWyRiIgvFLEoIhZFxEJFEFSKdFHcdSG+oLr0X1Bw48KtCxcudFEURAWRokQRFEoVUXyASOuzikh9a1ychAlx0kwmM/ccZr4fuEyYBPKFH2fuvXPPF+ZFM2Ywh5tqB4lidvH1IF6oGSR6tuE7XFY7SJQV8hd24ma8VjdOLLkQP+Dc2kGm3dI55Bdcowzm7XpxYrlr8RXOqh1kms0u+/lb3I3f8WGdOLHSXXivdojo2YSPsLd2kOh5AC/WDhE9W/A1rqodZBrN9nnvb+zAPrzcbZxYzfk4hV21g0ybfisETuNKXI63uosTZ7Ib3yjnlOjIaisEvsdtyqXwsW7ixFpuxwfKUKIRx5TBRCMO4ZXaIaLnbJxUvg2OMTvTSX3JP8qV1h14abxxYlDnKTeKc7WDTLpBVgj8hktwNY6OK0yszxXKvcm22kEm2aArBH7ELdiK98cTJ9ZrLz5RdjxGI95VHvVGI+7FG7VDRM9mfIk9tYNMovWc1Jf8qwxlP46MNk4Ma4ey9fSi2kEmzTArBP7ABbger48uTmzExcqN4vbaQSbJsCsEflZO7DuVS+FowB58YWODjRGbx4HaIaLngDR5mzKLz6TJOxKj+OxfWHxNk7chafKOyKiujtLkbVCavCMwyvuHNHkblCbvBo36DjtN3galyduYNHkblCZvY9LkHdK4vjZPk7dBafIOYZwPltLkbVCavOs07kevafI2KE3eBqXJ25hD0uRtSpq8A+pqP1WavA1Kk3cAXe44TJO3QWnyrqHrPblp8jYoTd4GpcnbmDR5G5Mm7ypqFW3S5G1Qmrx91KyiDdPkndGrP8QYDNLknVF2Q74jG7k78Twe6fP+OXhUOfkv4NcuQ02zlU3eS/E4flIGsXR8WiXdlJrHw3hWKf8s9DmO1grXpc2V//8M7lx8fXqNvz05/jjTazvux8f6r4Z+x5NVknas6xUyhwdxWHlgtR5ZISN0nXJ++NPgK2LlcbDz1BNqBk8oz9WHHcYCbu06+KTbhxOGH0g68GOwS9l1MsxAtlbIOxU2KVdYpw0+jFNVkk6Z3ThusIEcr5Rx6mzBU9YeyKu1Ak6re5SPpdUG8ky9aN1qZefHEeVe5c1Vfn+iwyyxzCwe8/8byIdqhgpuxOd6A9lfN05Qnrk/pwzkhspZYpn7ZMd8RERERETE2PwHEeD+5dQvrGYAAAAASUVORK5CYII="`;

exports[`Set of drawing functions Individual drawing functions triangle 1`] = `"data:image/png;base64,iVBORw0KGgoAAAANSUhEUgAAAAsAAAALCAYAAACprHcmAAAABmJLR0QA/wD/AP+gvaeTAAAAcUlEQVQYlaXKsQnCQABA0Q9mgOAAQjqDK6RwG50mGcTUKZzCwikCt4CBfBsPQvC4QP5vH+xO6q3whASk2oJ7ROSRgw0y/7DINQUPyGsBRd5I8Q/fVzB+W8MSGRM4IMcl7hIw3kZ4Rj4ZPCEXkCED488vfcd2Bn04S9YAAAAASUVORK5CYII="`;
